// Jest Snapshot v1, https://goo.gl/fbAQLP

exports[`App is displayed? 1`] = `
<div
  className="App"
>
  <div
    className="App-header"
  >
    <img
      alt="logo"
      className="App-logo"
      src="logo.svg"
    />
    <h2>
      Welcome to React
    </h2>
  </div>
  <p
    className="App-intro"
    style={
      Object {
        "color": "red",
      }
    }
  >
    To get started, edit 
    <code>
      src/App.js
    </code>
     and save to reload.
  </p>
</div>
------------HTML PREVIEW---------------
<div class="App">
  <div class="App-header">
    <img
      alt="logo"
      class="App-logo"
      src="logo.svg"
    >
    <h2>
      Welcome to React
    </h2>
  </div>
  <p
    class="App-intro"
    style="color:red;"
  >
    To get started, edit 
    <code>
      src/App.js
    </code>
     and save to reload.
  </p>
</div>
`;
